se_convention reference    scope2              contrast  dose true_region   n  correct  correct_or_compatible  wrong  undetermined  stopped  coverage  sim_se  ref_se
  conditional     audit per model     Asian minus White   1.0        kept 800    0.000                  0.086  0.000         0.894    0.020     0.988   0.230   0.094
  conditional     audit per model     Black minus White  -0.5    reversed 800    0.012                  0.055  0.000         0.701    0.244     0.996   0.238   0.080
  conditional     audit per model     Black minus White   0.0     missing 800    0.000                  0.012  0.001         0.606    0.380     0.992   0.238   0.080
  conditional     audit per model     Black minus White   0.5  attenuated 800    0.000                  0.000  0.002         0.512    0.485     0.990   0.238   0.080
  conditional     audit per model     Black minus White   1.0        kept 800    0.000                  0.009  0.000         0.531    0.460     0.988   0.238   0.080
  conditional     audit per model     Black minus White   1.5   steepened 800    0.008                  0.031  0.000         0.599    0.370     0.984   0.238   0.080
  conditional     audit per model     Black minus White   2.0   steepened 800    0.028                  0.112  0.000         0.616    0.271     0.982   0.238   0.080
  conditional     audit per model     Black minus White   3.0   steepened 800    0.240                  0.475  0.000         0.388    0.138     0.982   0.238   0.080
  conditional     audit per model  Hispanic minus White   1.0        kept 800    0.000                  0.000  0.001         0.255    0.744     0.992   0.240   0.080
  conditional     audit per model    Low minus High SES  -0.5    reversed 800    0.139                  0.979  0.000         0.021    0.000     0.998   0.213   0.087
  conditional     audit per model    Low minus High SES   0.0     missing 800    0.000                  0.276  0.000         0.724    0.000     0.995   0.213   0.087
  conditional     audit per model    Low minus High SES   0.5  attenuated 800    0.000                  0.251  0.000         0.749    0.000     0.989   0.213   0.087
  conditional     audit per model    Low minus High SES   1.0        kept 800    0.000                  0.299  0.000         0.701    0.000     0.985   0.213   0.087
  conditional     audit per model    Low minus High SES   1.5   steepened 800    0.162                  0.980  0.000         0.020    0.000     0.980   0.213   0.087
  conditional     audit per model    Low minus High SES   2.0   steepened 800    0.956                  1.000  0.000         0.000    0.000     0.979   0.213   0.087
  conditional     audit per model    Low minus High SES   3.0   steepened 800    1.000                  1.000  0.000         0.000    0.000     0.982   0.213   0.087
  conditional     audit per model  Low minus Middle SES   1.0        kept 800    0.000                  0.050  0.001         0.848    0.101     0.979   0.218   0.082
  conditional     audit per model Middle minus High SES  -0.5    reversed 800    0.031                  0.470  0.000         0.530    0.000     0.994   0.190   0.077
  conditional     audit per model Middle minus High SES   0.0     missing 800    0.000                  0.040  0.000         0.950    0.010     0.990   0.190   0.077
  conditional     audit per model Middle minus High SES   0.5  attenuated 800    0.000                  0.000  0.002         0.889    0.109     0.981   0.190   0.077
  conditional     audit per model Middle minus High SES   1.0        kept 800    0.000                  0.042  0.002         0.796    0.159     0.976   0.190   0.077
  conditional     audit per model Middle minus High SES   1.5   steepened 800    0.048                  0.442  0.000         0.535    0.022     0.975   0.190   0.077
  conditional     audit per model Middle minus High SES   2.0   steepened 800    0.374                  0.915  0.000         0.084    0.001     0.976   0.190   0.077
  conditional     audit per model Middle minus High SES   3.0   steepened 800    0.991                  1.000  0.000         0.000    0.000     0.979   0.190   0.077
  conditional     audit per model       Women minus Men  -0.5    reversed 800    0.076                  0.911  0.000         0.089    0.000     0.999   0.168   0.065
  conditional     audit per model       Women minus Men   0.0     missing 800    0.000                  0.090  0.000         0.910    0.000     0.990   0.168   0.065
  conditional     audit per model       Women minus Men   0.5  attenuated 800    0.000                  0.038  0.001         0.961    0.000     0.985   0.168   0.065
  conditional     audit per model       Women minus Men   1.0        kept 800    0.000                  0.146  0.002         0.851    0.000     0.980   0.168   0.065
  conditional     audit per model       Women minus Men   1.5   steepened 800    0.112                  0.890  0.000         0.110    0.000     0.978   0.168   0.065
  conditional     audit per model       Women minus Men   2.0   steepened 800    0.829                  1.000  0.000         0.000    0.000     0.971   0.168   0.065
  conditional     audit per model       Women minus Men   3.0   steepened 800    1.000                  1.000  0.000         0.000    0.000     0.970   0.168   0.065
  conditional     audit    pooled     Asian minus White   1.0        kept 200    0.000                  0.280  0.000         0.705    0.015     0.975   0.161   0.094
  conditional     audit    pooled     Black minus White  -0.5    reversed 200    0.000                  0.125  0.000         0.730    0.145     1.000   0.155   0.080
  conditional     audit    pooled     Black minus White   0.0     missing 200    0.000                  0.015  0.000         0.600    0.385     1.000   0.155   0.080
  conditional     audit    pooled     Black minus White   0.5  attenuated 200    0.000                  0.000  0.000         0.360    0.640     1.000   0.155   0.080
  conditional     audit    pooled     Black minus White   1.0        kept 200    0.000                  0.005  0.000         0.425    0.570     0.995   0.155   0.080
  conditional     audit    pooled     Black minus White   1.5   steepened 200    0.005                  0.050  0.000         0.550    0.400     0.990   0.155   0.080
  conditional     audit    pooled     Black minus White   2.0   steepened 200    0.020                  0.335  0.000         0.455    0.210     0.985   0.155   0.080
  conditional     audit    pooled     Black minus White   3.0   steepened 200    0.475                  0.785  0.000         0.100    0.115     0.985   0.155   0.080
  conditional     audit    pooled  Hispanic minus White   1.0        kept 200    0.000                  0.000  0.000         0.125    0.875     0.980   0.155   0.080
  conditional     audit    pooled    Low minus High SES  -0.5    reversed 200    0.285                  1.000  0.000         0.000    0.000     1.000   0.151   0.087
  conditional     audit    pooled    Low minus High SES   0.0     missing 200    0.000                  0.610  0.000         0.390    0.000     1.000   0.151   0.087
  conditional     audit    pooled    Low minus High SES   0.5  attenuated 200    0.000                  0.610  0.000         0.390    0.000     1.000   0.151   0.087
  conditional     audit    pooled    Low minus High SES   1.0        kept 200    0.000                  0.530  0.000         0.470    0.000     0.990   0.151   0.087
  conditional     audit    pooled    Low minus High SES   1.5   steepened 200    0.275                  1.000  0.000         0.000    0.000     0.980   0.151   0.087
  conditional     audit    pooled    Low minus High SES   2.0   steepened 200    1.000                  1.000  0.000         0.000    0.000     0.990   0.151   0.087
  conditional     audit    pooled    Low minus High SES   3.0   steepened 200    1.000                  1.000  0.000         0.000    0.000     0.995   0.151   0.087
  conditional     audit    pooled  Low minus Middle SES   1.0        kept 200    0.000                  0.105  0.005         0.710    0.180     0.965   0.148   0.082
  conditional     audit    pooled Middle minus High SES  -0.5    reversed 200    0.040                  0.825  0.000         0.175    0.000     1.000   0.132   0.077
  conditional     audit    pooled Middle minus High SES   0.0     missing 200    0.000                  0.085  0.000         0.910    0.005     0.995   0.132   0.077
  conditional     audit    pooled Middle minus High SES   0.5  attenuated 200    0.000                  0.015  0.005         0.870    0.110     0.990   0.132   0.077
  conditional     audit    pooled Middle minus High SES   1.0        kept 200    0.000                  0.105  0.005         0.760    0.130     0.985   0.132   0.077
  conditional     audit    pooled Middle minus High SES   1.5   steepened 200    0.090                  0.760  0.000         0.235    0.005     0.985   0.132   0.077
  conditional     audit    pooled Middle minus High SES   2.0   steepened 200    0.620                  1.000  0.000         0.000    0.000     0.985   0.132   0.077
  conditional     audit    pooled Middle minus High SES   3.0   steepened 200    1.000                  1.000  0.000         0.000    0.000     0.980   0.132   0.077
  conditional     audit    pooled       Women minus Men  -0.5    reversed 200    0.145                  1.000  0.000         0.000    0.000     1.000   0.115   0.065
  conditional     audit    pooled       Women minus Men   0.0     missing 200    0.000                  0.380  0.000         0.620    0.000     0.995   0.115   0.065
  conditional     audit    pooled       Women minus Men   0.5  attenuated 200    0.000                  0.405  0.000         0.595    0.000     0.980   0.115   0.065
  conditional     audit    pooled       Women minus Men   1.0        kept 200    0.000                  0.445  0.000         0.555    0.000     0.980   0.115   0.065
  conditional     audit    pooled       Women minus Men   1.5   steepened 200    0.230                  0.995  0.000         0.005    0.000     0.955   0.115   0.065
  conditional     audit    pooled       Women minus Men   2.0   steepened 200    0.970                  1.000  0.000         0.000    0.000     0.955   0.115   0.065
  conditional     audit    pooled       Women minus Men   3.0   steepened 200    1.000                  1.000  0.000         0.000    0.000     0.970   0.115   0.065
  conditional      half per model     Asian minus White   1.0        kept 800    0.000                  0.066  0.000         0.679    0.255     0.991   0.230   0.133
  conditional      half per model     Black minus White  -0.5    reversed 800    0.011                  0.039  0.000         0.391    0.570     0.998   0.238   0.113
  conditional      half per model     Black minus White   0.0     missing 800    0.000                  0.010  0.001         0.320    0.669     0.992   0.238   0.113
  conditional      half per model     Black minus White   0.5  attenuated 800    0.000                  0.000  0.002         0.245    0.752     0.991   0.238   0.113
  conditional      half per model     Black minus White   1.0        kept 800    0.000                  0.000  0.000         0.189    0.811     0.991   0.238   0.113
  conditional      half per model     Black minus White   1.5   steepened 800    0.000                  0.006  0.000         0.219    0.775     0.992   0.238   0.113
  conditional      half per model     Black minus White   2.0   steepened 800    0.001                  0.028  0.000         0.275    0.698     0.995   0.238   0.113
  conditional      half per model     Black minus White   3.0   steepened 800    0.048                  0.185  0.000         0.275    0.540     1.000   0.238   0.113
  conditional      half per model  Hispanic minus White   1.0        kept 800    0.000                  0.000  0.000         0.088    0.912     0.996   0.240   0.113
  conditional      half per model    Low minus High SES  -0.5    reversed 800    0.134                  0.979  0.000         0.021    0.000     0.998   0.213   0.123
  conditional      half per model    Low minus High SES   0.0     missing 800    0.000                  0.261  0.000         0.739    0.000     0.995   0.213   0.123
  conditional      half per model    Low minus High SES   0.5  attenuated 800    0.000                  0.194  0.000         0.804    0.002     0.991   0.213   0.123
  conditional      half per model    Low minus High SES   1.0        kept 800    0.000                  0.220  0.000         0.770    0.010     0.991   0.213   0.123
  conditional      half per model    Low minus High SES   1.5   steepened 800    0.109                  0.978  0.000         0.022    0.000     0.994   0.213   0.123
  conditional      half per model    Low minus High SES   2.0   steepened 800    0.928                  1.000  0.000         0.000    0.000     0.998   0.213   0.123
  conditional      half per model    Low minus High SES   3.0   steepened 800    1.000                  1.000  0.000         0.000    0.000     0.999   0.213   0.123
  conditional      half per model  Low minus Middle SES   1.0        kept 800    0.000                  0.045  0.001         0.626    0.328     0.984   0.218   0.116
  conditional      half per model Middle minus High SES  -0.5    reversed 800    0.031                  0.464  0.000         0.532    0.004     0.995   0.190   0.108
  conditional      half per model Middle minus High SES   0.0     missing 800    0.000                  0.039  0.000         0.921    0.040     0.990   0.190   0.108
  conditional      half per model Middle minus High SES   0.5  attenuated 800    0.000                  0.000  0.001         0.722    0.276     0.984   0.190   0.108
  conditional      half per model Middle minus High SES   1.0        kept 800    0.000                  0.034  0.002         0.569    0.395     0.986   0.190   0.108
  conditional      half per model Middle minus High SES   1.5   steepened 800    0.032                  0.402  0.000         0.510    0.088     0.988   0.190   0.108
  conditional      half per model Middle minus High SES   2.0   steepened 800    0.308                  0.896  0.000         0.100    0.004     0.990   0.190   0.108
  conditional      half per model Middle minus High SES   3.0   steepened 800    0.988                  1.000  0.000         0.000    0.000     0.992   0.190   0.108
  conditional      half per model       Women minus Men  -0.5    reversed 800    0.075                  0.909  0.000         0.091    0.000     0.999   0.168   0.091
  conditional      half per model       Women minus Men   0.0     missing 800    0.000                  0.085  0.000         0.915    0.000     0.990   0.168   0.091
  conditional      half per model       Women minus Men   0.5  attenuated 800    0.000                  0.029  0.001         0.936    0.034     0.985   0.168   0.091
  conditional      half per model       Women minus Men   1.0        kept 800    0.000                  0.111  0.002         0.819    0.068     0.985   0.168   0.091
  conditional      half per model       Women minus Men   1.5   steepened 800    0.075                  0.876  0.000         0.124    0.000     0.986   0.168   0.091
  conditional      half per model       Women minus Men   2.0   steepened 800    0.770                  1.000  0.000         0.000    0.000     0.989   0.168   0.091
  conditional      half per model       Women minus Men   3.0   steepened 800    1.000                  1.000  0.000         0.000    0.000     0.995   0.168   0.091
  conditional      half    pooled     Asian minus White   1.0        kept 200    0.000                  0.160  0.000         0.600    0.240     0.985   0.161   0.133
  conditional      half    pooled     Black minus White  -0.5    reversed 200    0.000                  0.105  0.000         0.385    0.510     1.000   0.155   0.113
  conditional      half    pooled     Black minus White   0.0     missing 200    0.000                  0.015  0.000         0.360    0.625     1.000   0.155   0.113
  conditional      half    pooled     Black minus White   0.5  attenuated 200    0.000                  0.000  0.000         0.205    0.795     1.000   0.155   0.113
  conditional      half    pooled     Black minus White   1.0        kept 200    0.000                  0.000  0.000         0.085    0.915     0.995   0.155   0.113
  conditional      half    pooled     Black minus White   1.5   steepened 200    0.000                  0.000  0.000         0.145    0.855     0.995   0.155   0.113
  conditional      half    pooled     Black minus White   2.0   steepened 200    0.000                  0.055  0.000         0.265    0.680     0.995   0.155   0.113
  conditional      half    pooled     Black minus White   3.0   steepened 200    0.105                  0.395  0.000         0.100    0.505     1.000   0.155   0.113
  conditional      half    pooled  Hispanic minus White   1.0        kept 200    0.000                  0.000  0.000         0.055    0.945     0.995   0.155   0.113
  conditional      half    pooled    Low minus High SES  -0.5    reversed 200    0.270                  1.000  0.000         0.000    0.000     1.000   0.151   0.123
  conditional      half    pooled    Low minus High SES   0.0     missing 200    0.000                  0.595  0.000         0.405    0.000     1.000   0.151   0.123
  conditional      half    pooled    Low minus High SES   0.5  attenuated 200    0.000                  0.535  0.000         0.465    0.000     1.000   0.151   0.123
  conditional      half    pooled    Low minus High SES   1.0        kept 200    0.000                  0.390  0.000         0.605    0.005     0.995   0.151   0.123
  conditional      half    pooled    Low minus High SES   1.5   steepened 200    0.170                  1.000  0.000         0.000    0.000     0.995   0.151   0.123
  conditional      half    pooled    Low minus High SES   2.0   steepened 200    0.990                  1.000  0.000         0.000    0.000     0.995   0.151   0.123
  conditional      half    pooled    Low minus High SES   3.0   steepened 200    1.000                  1.000  0.000         0.000    0.000     0.995   0.151   0.123
  conditional      half    pooled  Low minus Middle SES   1.0        kept 200    0.000                  0.085  0.000         0.470    0.445     0.980   0.148   0.116
  conditional      half    pooled Middle minus High SES  -0.5    reversed 200    0.040                  0.800  0.000         0.200    0.000     1.000   0.132   0.108
  conditional      half    pooled Middle minus High SES   0.0     missing 200    0.000                  0.080  0.000         0.900    0.020     0.995   0.132   0.108
  conditional      half    pooled Middle minus High SES   0.5  attenuated 200    0.000                  0.010  0.000         0.710    0.280     0.990   0.132   0.108
  conditional      half    pooled Middle minus High SES   1.0        kept 200    0.000                  0.080  0.000         0.475    0.445     0.990   0.132   0.108
  conditional      half    pooled Middle minus High SES   1.5   steepened 200    0.045                  0.665  0.000         0.280    0.055     0.990   0.132   0.108
  conditional      half    pooled Middle minus High SES   2.0   steepened 200    0.490                  1.000  0.000         0.000    0.000     0.990   0.132   0.108
  conditional      half    pooled Middle minus High SES   3.0   steepened 200    1.000                  1.000  0.000         0.000    0.000     0.990   0.132   0.108
  conditional      half    pooled       Women minus Men  -0.5    reversed 200    0.140                  1.000  0.000         0.000    0.000     1.000   0.115   0.091
  conditional      half    pooled       Women minus Men   0.0     missing 200    0.000                  0.360  0.000         0.640    0.000     0.995   0.115   0.091
  conditional      half    pooled       Women minus Men   0.5  attenuated 200    0.000                  0.315  0.000         0.670    0.015     0.980   0.115   0.091
  conditional      half    pooled       Women minus Men   1.0        kept 200    0.000                  0.325  0.000         0.585    0.090     0.990   0.115   0.091
  conditional      half    pooled       Women minus Men   1.5   steepened 200    0.125                  0.990  0.000         0.010    0.000     0.995   0.115   0.091
  conditional      half    pooled       Women minus Men   2.0   steepened 200    0.950                  1.000  0.000         0.000    0.000     0.990   0.115   0.091
  conditional      half    pooled       Women minus Men   3.0   steepened 200    1.000                  1.000  0.000         0.000    0.000     0.990   0.115   0.091
        pairs     audit per model     Asian minus White   1.0        kept 800    0.000                  0.001  0.000         0.979    0.020     0.998   0.327   0.094
        pairs     audit per model     Black minus White  -0.5    reversed 800    0.005                  0.024  0.000         0.732    0.244     0.999   0.269   0.080
        pairs     audit per model     Black minus White   0.0     missing 800    0.000                  0.008  0.000         0.612    0.380     0.995   0.269   0.080
        pairs     audit per model     Black minus White   0.5  attenuated 800    0.000                  0.000  0.000         0.515    0.485     0.995   0.269   0.080
        pairs     audit per model     Black minus White   1.0        kept 800    0.000                  0.002  0.000         0.538    0.460     0.994   0.269   0.080
        pairs     audit per model     Black minus White   1.5   steepened 800    0.002                  0.014  0.000         0.616    0.370     0.991   0.269   0.080
        pairs     audit per model     Black minus White   2.0   steepened 800    0.010                  0.062  0.000         0.666    0.271     0.992   0.269   0.080
        pairs     audit per model     Black minus White   3.0   steepened 800    0.128                  0.310  0.000         0.552    0.138     0.994   0.269   0.080
        pairs     audit per model  Hispanic minus White   1.0        kept 800    0.000                  0.000  0.001         0.255    0.744     0.999   0.299   0.080
        pairs     audit per model    Low minus High SES  -0.5    reversed 800    0.015                  0.774  0.000         0.226    0.000     1.000   0.292   0.087
        pairs     audit per model    Low minus High SES   0.0     missing 800    0.000                  0.019  0.000         0.981    0.000     1.000   0.292   0.087
        pairs     audit per model    Low minus High SES   0.5  attenuated 800    0.000                  0.009  0.000         0.991    0.000     0.999   0.292   0.087
        pairs     audit per model    Low minus High SES   1.0        kept 800    0.000                  0.034  0.000         0.966    0.000     0.998   0.292   0.087
        pairs     audit per model    Low minus High SES   1.5   steepened 800    0.030                  0.808  0.000         0.192    0.000     0.998   0.292   0.087
        pairs     audit per model    Low minus High SES   2.0   steepened 800    0.769                  1.000  0.000         0.000    0.000     0.995   0.292   0.087
        pairs     audit per model    Low minus High SES   3.0   steepened 800    1.000                  1.000  0.000         0.000    0.000     0.994   0.292   0.087
        pairs     audit per model  Low minus Middle SES   1.0        kept 800    0.000                  0.018  0.001         0.880    0.101     0.991   0.273   0.082
        pairs     audit per model Middle minus High SES  -0.5    reversed 800    0.009                  0.278  0.000         0.722    0.000     0.996   0.216   0.077
        pairs     audit per model Middle minus High SES   0.0     missing 800    0.000                  0.010  0.000         0.980    0.010     0.996   0.216   0.077
        pairs     audit per model Middle minus High SES   0.5  attenuated 800    0.000                  0.000  0.000         0.891    0.109     0.991   0.216   0.077
        pairs     audit per model Middle minus High SES   1.0        kept 800    0.000                  0.025  0.001         0.815    0.159     0.992   0.216   0.077
        pairs     audit per model Middle minus High SES   1.5   steepened 800    0.031                  0.295  0.000         0.682    0.022     0.988   0.216   0.077
        pairs     audit per model Middle minus High SES   2.0   steepened 800    0.278                  0.794  0.000         0.205    0.001     0.989   0.216   0.077
        pairs     audit per model Middle minus High SES   3.0   steepened 800    0.970                  1.000  0.000         0.000    0.000     0.986   0.216   0.077
        pairs     audit per model       Women minus Men  -0.5    reversed 800    0.022                  0.696  0.000         0.304    0.000     1.000   0.209   0.065
        pairs     audit per model       Women minus Men   0.0     missing 800    0.000                  0.028  0.000         0.972    0.000     1.000   0.209   0.065
        pairs     audit per model       Women minus Men   0.5  attenuated 800    0.000                  0.004  0.000         0.996    0.000     0.998   0.209   0.065
        pairs     audit per model       Women minus Men   1.0        kept 800    0.000                  0.039  0.000         0.961    0.000     0.994   0.209   0.065
        pairs     audit per model       Women minus Men   1.5   steepened 800    0.040                  0.691  0.000         0.309    0.000     0.991   0.209   0.065
        pairs     audit per model       Women minus Men   2.0   steepened 800    0.648                  0.999  0.000         0.001    0.000     0.989   0.209   0.065
        pairs     audit per model       Women minus Men   3.0   steepened 800    1.000                  1.000  0.000         0.000    0.000     0.986   0.209   0.065
        pairs     audit    pooled     Asian minus White   1.0        kept 200    0.000                  0.075  0.000         0.910    0.015     0.990   0.200   0.094
        pairs     audit    pooled     Black minus White  -0.5    reversed 200    0.000                  0.080  0.000         0.775    0.145     1.000   0.169   0.080
        pairs     audit    pooled     Black minus White   0.0     missing 200    0.000                  0.005  0.000         0.610    0.385     1.000   0.169   0.080
        pairs     audit    pooled     Black minus White   0.5  attenuated 200    0.000                  0.000  0.000         0.360    0.640     1.000   0.169   0.080
        pairs     audit    pooled     Black minus White   1.0        kept 200    0.000                  0.000  0.000         0.430    0.570     0.995   0.169   0.080
        pairs     audit    pooled     Black minus White   1.5   steepened 200    0.000                  0.015  0.000         0.585    0.400     0.995   0.169   0.080
        pairs     audit    pooled     Black minus White   2.0   steepened 200    0.010                  0.270  0.000         0.520    0.210     0.990   0.169   0.080
        pairs     audit    pooled     Black minus White   3.0   steepened 200    0.430                  0.740  0.000         0.145    0.115     0.990   0.169   0.080
        pairs     audit    pooled  Hispanic minus White   1.0        kept 200    0.000                  0.000  0.000         0.125    0.875     0.990   0.180   0.080
        pairs     audit    pooled    Low minus High SES  -0.5    reversed 200    0.105                  1.000  0.000         0.000    0.000     1.000   0.181   0.087
        pairs     audit    pooled    Low minus High SES   0.0     missing 200    0.000                  0.275  0.000         0.725    0.000     1.000   0.181   0.087
        pairs     audit    pooled    Low minus High SES   0.5  attenuated 200    0.000                  0.305  0.000         0.695    0.000     1.000   0.181   0.087
        pairs     audit    pooled    Low minus High SES   1.0        kept 200    0.000                  0.320  0.000         0.680    0.000     1.000   0.181   0.087
        pairs     audit    pooled    Low minus High SES   1.5   steepened 200    0.175                  1.000  0.000         0.000    0.000     0.995   0.181   0.087
        pairs     audit    pooled    Low minus High SES   2.0   steepened 200    0.995                  1.000  0.000         0.000    0.000     0.995   0.181   0.087
        pairs     audit    pooled    Low minus High SES   3.0   steepened 200    1.000                  1.000  0.000         0.000    0.000     0.995   0.181   0.087
        pairs     audit    pooled  Low minus Middle SES   1.0        kept 200    0.000                  0.070  0.005         0.745    0.180     0.985   0.170   0.082
        pairs     audit    pooled Middle minus High SES  -0.5    reversed 200    0.015                  0.775  0.000         0.225    0.000     1.000   0.142   0.077
        pairs     audit    pooled Middle minus High SES   0.0     missing 200    0.000                  0.060  0.000         0.935    0.005     1.000   0.142   0.077
        pairs     audit    pooled Middle minus High SES   0.5  attenuated 200    0.000                  0.010  0.000         0.880    0.110     0.990   0.142   0.077
        pairs     audit    pooled Middle minus High SES   1.0        kept 200    0.000                  0.085  0.005         0.780    0.130     0.990   0.142   0.077
        pairs     audit    pooled Middle minus High SES   1.5   steepened 200    0.080                  0.680  0.000         0.315    0.005     0.990   0.142   0.077
        pairs     audit    pooled Middle minus High SES   2.0   steepened 200    0.580                  1.000  0.000         0.000    0.000     0.990   0.142   0.077
        pairs     audit    pooled Middle minus High SES   3.0   steepened 200    1.000                  1.000  0.000         0.000    0.000     0.985   0.142   0.077
        pairs     audit    pooled       Women minus Men  -0.5    reversed 200    0.085                  0.990  0.000         0.010    0.000     1.000   0.131   0.065
        pairs     audit    pooled       Women minus Men   0.0     missing 200    0.000                  0.225  0.000         0.775    0.000     1.000   0.131   0.065
        pairs     audit    pooled       Women minus Men   0.5  attenuated 200    0.000                  0.260  0.000         0.740    0.000     0.990   0.131   0.065
        pairs     audit    pooled       Women minus Men   1.0        kept 200    0.000                  0.320  0.000         0.680    0.000     0.980   0.131   0.065
        pairs     audit    pooled       Women minus Men   1.5   steepened 200    0.155                  0.990  0.000         0.010    0.000     0.975   0.131   0.065
        pairs     audit    pooled       Women minus Men   2.0   steepened 200    0.965                  1.000  0.000         0.000    0.000     0.985   0.131   0.065
        pairs     audit    pooled       Women minus Men   3.0   steepened 200    1.000                  1.000  0.000         0.000    0.000     0.975   0.131   0.065
        pairs      half per model     Asian minus White   1.0        kept 800    0.000                  0.001  0.000         0.744    0.255     0.999   0.327   0.133
        pairs      half per model     Black minus White  -0.5    reversed 800    0.005                  0.021  0.000         0.409    0.570     1.000   0.269   0.113
        pairs      half per model     Black minus White   0.0     missing 800    0.000                  0.008  0.000         0.324    0.669     0.996   0.269   0.113
        pairs      half per model     Black minus White   0.5  attenuated 800    0.000                  0.000  0.000         0.248    0.752     0.996   0.269   0.113
        pairs      half per model     Black minus White   1.0        kept 800    0.000                  0.000  0.000         0.189    0.811     0.996   0.269   0.113
        pairs      half per model     Black minus White   1.5   steepened 800    0.000                  0.002  0.000         0.222    0.775     0.998   0.269   0.113
        pairs      half per model     Black minus White   2.0   steepened 800    0.000                  0.010  0.000         0.292    0.698     0.999   0.269   0.113
        pairs      half per model     Black minus White   3.0   steepened 800    0.016                  0.110  0.000         0.350    0.540     0.999   0.269   0.113
        pairs      half per model  Hispanic minus White   1.0        kept 800    0.000                  0.000  0.000         0.088    0.912     1.000   0.299   0.113
        pairs      half per model    Low minus High SES  -0.5    reversed 800    0.015                  0.772  0.000         0.228    0.000     1.000   0.292   0.123
        pairs      half per model    Low minus High SES   0.0     missing 800    0.000                  0.019  0.000         0.981    0.000     1.000   0.292   0.123
        pairs      half per model    Low minus High SES   0.5  attenuated 800    0.000                  0.005  0.000         0.992    0.002     0.999   0.292   0.123
        pairs      half per model    Low minus High SES   1.0        kept 800    0.000                  0.026  0.000         0.964    0.010     0.999   0.292   0.123
        pairs      half per model    Low minus High SES   1.5   steepened 800    0.021                  0.794  0.000         0.206    0.000     0.999   0.292   0.123
        pairs      half per model    Low minus High SES   2.0   steepened 800    0.719                  1.000  0.000         0.000    0.000     0.999   0.292   0.123
        pairs      half per model    Low minus High SES   3.0   steepened 800    1.000                  1.000  0.000         0.000    0.000     1.000   0.292   0.123
        pairs      half per model  Low minus Middle SES   1.0        kept 800    0.000                  0.014  0.000         0.659    0.328     0.994   0.273   0.116
        pairs      half per model Middle minus High SES  -0.5    reversed 800    0.009                  0.276  0.000         0.720    0.004     0.996   0.216   0.108
        pairs      half per model Middle minus High SES   0.0     missing 800    0.000                  0.010  0.000         0.950    0.040     0.996   0.216   0.108
        pairs      half per model Middle minus High SES   0.5  attenuated 800    0.000                  0.000  0.000         0.724    0.276     0.994   0.216   0.108
        pairs      half per model Middle minus High SES   1.0        kept 800    0.000                  0.024  0.001         0.580    0.395     0.992   0.216   0.108
        pairs      half per model Middle minus High SES   1.5   steepened 800    0.024                  0.270  0.000         0.642    0.088     0.995   0.216   0.108
        pairs      half per model Middle minus High SES   2.0   steepened 800    0.212                  0.779  0.000         0.218    0.004     0.992   0.216   0.108
        pairs      half per model Middle minus High SES   3.0   steepened 800    0.960                  1.000  0.000         0.000    0.000     0.995   0.216   0.108
        pairs      half per model       Women minus Men  -0.5    reversed 800    0.022                  0.695  0.000         0.305    0.000     1.000   0.209   0.091
        pairs      half per model       Women minus Men   0.0     missing 800    0.000                  0.028  0.000         0.972    0.000     1.000   0.209   0.091
        pairs      half per model       Women minus Men   0.5  attenuated 800    0.000                  0.001  0.000         0.965    0.034     0.998   0.209   0.091
        pairs      half per model       Women minus Men   1.0        kept 800    0.000                  0.035  0.000         0.898    0.068     0.995   0.209   0.091
        pairs      half per model       Women minus Men   1.5   steepened 800    0.028                  0.669  0.000         0.331    0.000     0.995   0.209   0.091
        pairs      half per model       Women minus Men   2.0   steepened 800    0.599                  0.998  0.000         0.002    0.000     0.995   0.209   0.091
        pairs      half per model       Women minus Men   3.0   steepened 800    1.000                  1.000  0.000         0.000    0.000     0.998   0.209   0.091
        pairs      half    pooled     Asian minus White   1.0        kept 200    0.000                  0.045  0.000         0.715    0.240     0.995   0.200   0.133
        pairs      half    pooled     Black minus White  -0.5    reversed 200    0.000                  0.075  0.000         0.415    0.510     1.000   0.169   0.113
        pairs      half    pooled     Black minus White   0.0     missing 200    0.000                  0.005  0.000         0.370    0.625     1.000   0.169   0.113
        pairs      half    pooled     Black minus White   0.5  attenuated 200    0.000                  0.000  0.000         0.205    0.795     1.000   0.169   0.113
        pairs      half    pooled     Black minus White   1.0        kept 200    0.000                  0.000  0.000         0.085    0.915     0.995   0.169   0.113
        pairs      half    pooled     Black minus White   1.5   steepened 200    0.000                  0.000  0.000         0.145    0.855     0.995   0.169   0.113
        pairs      half    pooled     Black minus White   2.0   steepened 200    0.000                  0.030  0.000         0.290    0.680     0.995   0.169   0.113
        pairs      half    pooled     Black minus White   3.0   steepened 200    0.085                  0.340  0.000         0.155    0.505     1.000   0.169   0.113
        pairs      half    pooled  Hispanic minus White   1.0        kept 200    0.000                  0.000  0.000         0.055    0.945     1.000   0.180   0.113
        pairs      half    pooled    Low minus High SES  -0.5    reversed 200    0.105                  1.000  0.000         0.000    0.000     1.000   0.181   0.123
        pairs      half    pooled    Low minus High SES   0.0     missing 200    0.000                  0.260  0.000         0.740    0.000     1.000   0.181   0.123
        pairs      half    pooled    Low minus High SES   0.5  attenuated 200    0.000                  0.245  0.000         0.755    0.000     1.000   0.181   0.123
        pairs      half    pooled    Low minus High SES   1.0        kept 200    0.000                  0.245  0.000         0.750    0.005     1.000   0.181   0.123
        pairs      half    pooled    Low minus High SES   1.5   steepened 200    0.100                  1.000  0.000         0.000    0.000     1.000   0.181   0.123
        pairs      half    pooled    Low minus High SES   2.0   steepened 200    0.990                  1.000  0.000         0.000    0.000     1.000   0.181   0.123
        pairs      half    pooled    Low minus High SES   3.0   steepened 200    1.000                  1.000  0.000         0.000    0.000     1.000   0.181   0.123
        pairs      half    pooled  Low minus Middle SES   1.0        kept 200    0.000                  0.060  0.000         0.495    0.445     0.995   0.170   0.116
        pairs      half    pooled Middle minus High SES  -0.5    reversed 200    0.015                  0.770  0.000         0.230    0.000     1.000   0.142   0.108
        pairs      half    pooled Middle minus High SES   0.0     missing 200    0.000                  0.055  0.000         0.925    0.020     1.000   0.142   0.108
        pairs      half    pooled Middle minus High SES   0.5  attenuated 200    0.000                  0.005  0.000         0.715    0.280     0.990   0.142   0.108
        pairs      half    pooled Middle minus High SES   1.0        kept 200    0.000                  0.055  0.000         0.500    0.445     0.990   0.142   0.108
        pairs      half    pooled Middle minus High SES   1.5   steepened 200    0.035                  0.630  0.000         0.315    0.055     0.990   0.142   0.108
        pairs      half    pooled Middle minus High SES   2.0   steepened 200    0.430                  1.000  0.000         0.000    0.000     0.990   0.142   0.108
        pairs      half    pooled Middle minus High SES   3.0   steepened 200    1.000                  1.000  0.000         0.000    0.000     0.990   0.142   0.108
        pairs      half    pooled       Women minus Men  -0.5    reversed 200    0.075                  0.990  0.000         0.010    0.000     1.000   0.131   0.091
        pairs      half    pooled       Women minus Men   0.0     missing 200    0.000                  0.195  0.000         0.805    0.000     1.000   0.131   0.091
        pairs      half    pooled       Women minus Men   0.5  attenuated 200    0.000                  0.180  0.000         0.805    0.015     0.990   0.131   0.091
        pairs      half    pooled       Women minus Men   1.0        kept 200    0.000                  0.215  0.000         0.695    0.090     0.995   0.131   0.091
        pairs      half    pooled       Women minus Men   1.5   steepened 200    0.085                  0.985  0.000         0.015    0.000     0.995   0.131   0.091
        pairs      half    pooled       Women minus Men   2.0   steepened 200    0.910                  1.000  0.000         0.000    0.000     0.995   0.131   0.091
        pairs      half    pooled       Women minus Men   3.0   steepened 200    1.000                  1.000  0.000         0.000    0.000     0.990   0.131   0.091
    scope    group                  se_terms   n   bias  sd_resid  mean_se  coverage90
per model    Asian         draws + reference 800  0.005     0.191    0.157       0.828
per model    Asian draws + reference + donor 800  0.005     0.191    0.183       0.874
per model    Black         draws + reference 800 -0.007     0.204    0.199       0.892
per model    Black draws + reference + donor 800 -0.007     0.204    0.218       0.912
per model     High         draws + reference 800 -0.002     0.184    0.177       0.888
per model     High draws + reference + donor 800 -0.002     0.184    0.185       0.901
per model Hispanic         draws + reference 800  0.019     0.197    0.179       0.855
per model Hispanic draws + reference + donor 800  0.019     0.197    0.198       0.889
per model      Low         draws + reference 800  0.022     0.244    0.227       0.864
per model      Low draws + reference + donor 800  0.022     0.244    0.247       0.901
per model      Men         draws + reference 800  0.005     0.161    0.151       0.886
per model      Men draws + reference + donor 800  0.005     0.161    0.161       0.904
per model   Middle         draws + reference 800 -0.011     0.201    0.193       0.875
per model   Middle draws + reference + donor 800 -0.011     0.201    0.205       0.906
per model  Overall         draws + reference 800 -0.000     0.121    0.115       0.886
per model  Overall draws + reference + donor 800 -0.000     0.121    0.123       0.908
per model    White         draws + reference 800 -0.003     0.163    0.155       0.872
per model    White draws + reference + donor 800 -0.003     0.163    0.165       0.899
per model    Women         draws + reference 800 -0.006     0.176    0.169       0.884
per model    Women draws + reference + donor 800 -0.006     0.176    0.179       0.901
   pooled    Asian         draws + reference 200  0.005     0.161    0.115       0.780
   pooled    Asian draws + reference + donor 200  0.005     0.161    0.149       0.890
   pooled    Black         draws + reference 200 -0.007     0.133    0.127       0.885
   pooled    Black draws + reference + donor 200 -0.007     0.133    0.154       0.930
   pooled     High         draws + reference 200 -0.002     0.113    0.101       0.860
   pooled     High draws + reference + donor 200 -0.002     0.113    0.116       0.925
   pooled Hispanic         draws + reference 200  0.019     0.138    0.114       0.855
   pooled Hispanic draws + reference + donor 200  0.019     0.138    0.141       0.905
   pooled      Low         draws + reference 200  0.022     0.165    0.142       0.820
   pooled      Low draws + reference + donor 200  0.022     0.165    0.173       0.925
   pooled      Men         draws + reference 200  0.005     0.109    0.089       0.840
   pooled      Men draws + reference + donor 200  0.005     0.109    0.105       0.885
   pooled   Middle         draws + reference 200 -0.011     0.129    0.115       0.870
   pooled   Middle draws + reference + donor 200 -0.011     0.129    0.134       0.920
   pooled  Overall         draws + reference 200 -0.000     0.077    0.069       0.860
   pooled  Overall draws + reference + donor 200 -0.000     0.077    0.082       0.910
   pooled    White         draws + reference 200 -0.003     0.103    0.092       0.860
   pooled    White draws + reference + donor 200 -0.003     0.103    0.108       0.920
   pooled    Women         draws + reference 200 -0.006     0.109    0.099       0.880
   pooled    Women draws + reference + donor 200 -0.006     0.109    0.116       0.935
200 replicates in 248s
